{
  "name": "sampleDir",
  "children": [
    {
      "name": "subFolder",
      "children": [
        {
          "name": "01",
          "children": []
        },
        {
          "name": "02",
          "children": []
        },
        {
          "name": "1",
          "children": []
        },
        {
          "name": "10",
          "children": []
        },
        {
          "name": "2",
          "children": []
        },
        {
          "name": "20",
          "children": []
        },
        {
          "name": "a",
          "children": []
        },
        {
          "name": "a - Copy",
          "children": []
        },
        {
          "name": "b",
          "children": []
        },
        {
          "name": "c",
          "children": []
        },
        {
          "name": "Some Stuff.txt"
        },
        {
          "name": "subSubFolder",
          "children": [
            {
              "name": "01.txt"
            },
            {
              "name": "02.txt"
            },
            {
              "name": "1.txt"
            },
            {
              "name": "10.txt"
            },
            {
              "name": "2.txt"
            },
            {
              "name": "20.txt"
            },
            {
              "name": "HelloWorld.txt"
            }
          ]
        }
      ]
    }
  ]
}